L_eq=(3, 1, -3, 1, -2, -1, -2, -1, -3, -1, -2, -3, -2): domain sizes [1, 1, 2, 2, 2, 2, 2, 2, 3, 3, 3, 3, 3, 3, 4, 4, 4, 4, 5, 5, 5, 5, 5, 5, 5, 5, 6]
   d=1: 94 unknowns, 27 rows, rank 27, consistent
   d=2: 4004 unknowns, 2351 rows, rank 2026, consistent
   d=3: 103460 unknowns, 96039 rows, rank 70407, consistent
   -> F_2 degree > 3 (so = 4 by the tower restriction)  [1s]
   d=1: 94 unknowns, 27 rows, rank 27, consistent
   d=2: 4004 unknowns, 2351 rows, rank 2026, consistent
   d=3: 103460 unknowns, 96039 rows, rank 70407, consistent
   -> F_p degree > 3  [216s]
L_eq=(3, 1, -3, 1, -2, -1, 2, -1, -3, -1, -2, -1, 2): domain sizes [1, 1, 2, 2, 2, 2, 2, 2, 3, 3, 3, 3, 3, 3, 4, 4, 4, 4, 4, 4, 5, 5, 5, 5, 5, 5, 6]
   d=1: 92 unknowns, 27 rows, rank 27, consistent
   d=2: 3833 unknowns, 2301 rows, rank 1976, consistent
   d=3: 96844 unknowns, 91930 rows, rank 66903, consistent
   -> F_2 degree > 3 (so = 4 by the tower restriction)  [1s]
   d=1: 92 unknowns, 27 rows, rank 27, consistent
   d=2: 3833 unknowns, 2301 rows, rank 1976, consistent
   d=3: 96844 unknowns, 91930 rows, rank 66903, consistent
   -> F_p degree > 3  [182s]
L_eq=(3, 1, -3, 1, -2, -1, -2, -2, 3, -1, -2, -2, -2): domain sizes [1, 1, 2, 2, 2, 2, 3, 3, 3, 3, 3, 3, 3, 3, 4, 4, 4, 4, 4, 4, 5, 5, 5, 5, 5, 5, 6]
   d=1: 94 unknowns, 27 rows, rank 27, consistent
   d=2: 4008 unknowns, 2351 rows, rank 2026, consistent
   d=3: 103756 unknowns, 96145 rows, rank 70522, consistent
   -> F_2 degree > 3 (so = 4 by the tower restriction)  [1s]
   d=1: 94 unknowns, 27 rows, rank 27, consistent
   d=2: 4008 unknowns, 2351 rows, rank 2026, consistent

m=4 ball, 40 random valid equatorial labelings: F_2 degree > 3 for 40 of 40 (=> degree 4 = sphere degree)  [34s]
d=3 rank/unknown ranges:
