S^3 degree 3: 16 classes
single-class knockouts:
  remove ('N', 0, (1, 1, 1))      (  9872 orbit-cols): solution, 109984 free
  remove ('N', 0, (1, 1, 2))      ( 59136 orbit-cols): solution, 121201 free
  remove ('N', 0, (1, 2, 2))      ( 59136 orbit-cols): solution, 121201 free
  remove ('N', 0, (1, 2, 3))      ( 19744 orbit-cols): solution, 111055 free
  remove ('N', 1, (1, 1, 1))      (  5248 orbit-cols): solution, 109984 free
  remove ('N', 1, (1, 1, 2))      ( 52480 orbit-cols): NO solution
  remove ('N', 1, (1, 2, 2))      ( 52480 orbit-cols): NO solution
  remove ('N', 1, (1, 2, 3))      ( 20992 orbit-cols): solution, 111048 free
  remove ('N', 2, (1, 1, 1))      (  1248 orbit-cols): solution, 109984 free
  remove ('N', 2, (1, 1, 2))      ( 19968 orbit-cols): NO solution
  remove ('N', 2, (1, 2, 2))      ( 19968 orbit-cols): NO solution
  remove ('N', 2, (1, 2, 3))      (  9984 orbit-cols): solution, 110360 free
  remove ('S', 3, (1, 1, 1))      (   256 orbit-cols): solution, 109984 free
  remove ('S', 3, (1, 1, 2))      (  3072 orbit-cols): NO solution
  remove ('S', 3, (1, 2, 2))      (  3072 orbit-cols): NO solution
  remove ('S', 3, (1, 2, 3))      (  2048 orbit-cols): NO solution
necessary classes: [('N', 1, (1, 1, 2)), ('N', 1, (1, 2, 2)), ('N', 2, (1, 1, 2)), ('N', 2, (1, 2, 2)), ('S', 3, (1, 1, 2)), ('S', 3, (1, 2, 2)), ('S', 3, (1, 2, 3))]
greedy (largest first) minimal sufficient class family: [('N', 0, (1, 1, 1)), ('N', 1, (1, 1, 2)), ('N', 1, (1, 2, 2)), ('N', 2, (1, 1, 1)), ('N', 2, (1, 1, 2)), ('N', 2, (1, 2, 2)), ('S', 3, (1, 1, 2)), ('S', 3, (1, 2, 2)), ('S', 3, (1, 2, 3))]
greedy (smallest first) minimal sufficient class family: [('N', 0, (1, 1, 2)), ('N', 0, (1, 2, 2)), ('N', 1, (1, 1, 2)), ('N', 1, (1, 2, 2)), ('N', 2, (1, 1, 2)), ('N', 2, (1, 2, 2)), ('S', 3, (1, 1, 2)), ('S', 3, (1, 2, 2)), ('S', 3, (1, 2, 3))]
