m=5: equator S^3, sigma = ((-1, 0, 0, 0), (-1, -1, 0, 0), (-1, -1, -1, 0), (-1, -1, -1, -1))
seed 0: L_eq found [0.0s]; U=[(0, 0, 0, 0, 1), (-1, -1, -1, -1, 1), (-1, -1, -1, 0, 1), (-1, -1, 0, 0, 1), (-1, 0, 0, 0, 1)] domains=[[-4], [1, 2, -3, -4], [-1, 2, -3, -4], [-4], [4]] -> residual degree 2   dual log [(1, 11, 5, True), (2, 38, 26, False)]
seed 1: L_eq found [0.0s]; U=[(0, 0, 0, 0, 1), (-1, -1, -1, -1, 1), (-1, -1, -1, 0, 1), (-1, -1, 0, 0, 1), (-1, 0, 0, 0, 1)] domains=[[1, 2, -3, -4], [-1, 2, -3, -4], [-1, 2, -3, -4], [-4], [4]] -> residual degree 2   dual log [(1, 14, 5, True), (2, 67, 36, False)]
seed 2: L_eq found [0.0s]; U=[(0, 0, 0, 0, 1), (-1, -1, -1, -1, 1), (-1, -1, -1, 0, 1), (-1, -1, 0, 0, 1), (-1, 0, 0, 0, 1)] domains=[[-2, -4], [1, -2, -4], [1, 2, -3, -4], [-4], [4]] -> residual degree 2   dual log [(1, 11, 5, True), (2, 39, 27, False)]
seed 3: L_eq found [0.0s]; U=[(0, 0, 0, 0, 1), (-1, -1, -1, -1, 1), (-1, -1, -1, 0, 1), (-1, -1, 0, 0, 1), (-1, 0, 0, 0, 1)] domains=[[-4], [-1, -2, 3, -4], [1, 3, -4], [-4], [4]] -> residual degree 2   dual log [(1, 10, 5, True), (2, 31, 23, False)]
seed 4: L_eq found [0.0s]; U=[(0, 0, 0, 0, 1), (-1, -1, -1, -1, 1), (-1, -1, -1, 0, 1), (-1, -1, 0, 0, 1), (-1, 0, 0, 0, 1)] domains=[[1, 3, -4], [1, -2, 3, -4], [1, -3, -4], [-4], [4]] -> residual degree 2   dual log [(1, 12, 5, True), (2, 48, 30, False)]
seed 5: L_eq found [0.0s]; U=[(0, 0, 0, 0, 1), (-1, -1, -1, -1, 1), (-1, -1, -1, 0, 1), (-1, -1, 0, 0, 1), (-1, 0, 0, 0, 1)] domains=[[-1, -4], [1, -3, -4], [1, 2, -4], [-4], [4]] -> residual degree 2   dual log [(1, 10, 5, True), (2, 32, 24, False)]
seed 6: L_eq found [0.0s]; U=[(0, 0, 0, 0, 1), (-1, -1, -1, -1, 1), (-1, -1, -1, 0, 1), (-1, -1, 0, 0, 1), (-1, 0, 0, 0, 1)] domains=[[-4], [2, 3, -3, -4], [-1, -3, -4], [-3, -4], [4]] -> residual degree 2   dual log [(1, 11, 5, True), (2, 39, 27, False)]
seed 7: L_eq found [0.0s]; U=[(0, 0, 0, 0, 1), (-1, -1, -1, -1, 1), (-1, -1, -1, 0, 1), (-1, -1, 0, 0, 1), (-1, 0, 0, 0, 1)] domains=[[3, -4], [-3, -4], [-1, -3, -4], [-4], [4]] -> residual degree 2   dual log [(1, 9, 5, True), (2, 25, 21, False)]
seed 8: L_eq found [0.0s]; U=[(0, 0, 0, 0, 1), (-1, -1, -1, -1, 1), (-1, -1, -1, 0, 1), (-1, -1, 0, 0, 1), (-1, 0, 0, 0, 1)] domains=[[-4], [-2, -3, -4], [1, 3, -4], [3, -4], [4]] -> residual degree 2   dual log [(1, 10, 5, True), (2, 32, 24, False)]
seed 9: L_eq found [0.0s]; U=[(0, 0, 0, 0, 1), (-1, -1, -1, -1, 1), (-1, -1, -1, 0, 1), (-1, -1, 0, 0, 1), (-1, 0, 0, 0, 1)] domains=[[-3, -4], [1, -2, -3, -4], [1, -2, 3, -4], [-4], [4]] -> residual degree 2   dual log [(1, 12, 5, True), (2, 47, 30, False)]
seed 10: L_eq found [0.0s]; U=[(0, 0, 0, 0, 1), (-1, -1, -1, -1, 1), (-1, -1, -1, 0, 1), (-1, -1, 0, 0, 1), (-1, 0, 0, 0, 1)] domains=[[1, -4], [-1, 2, -4], [-1, -2, 3, -4], [-1, -4], [4]] -> residual degree 3   dual log [(1, 12, 5, True), (2, 47, 31, True), (3, 70, 62, False)]
seed 11: L_eq found [0.0s]; U=[(0, 0, 0, 0, 1), (-1, -1, -1, -1, 1), (-1, -1, -1, 0, 1), (-1, -1, 0, 0, 1), (-1, 0, 0, 0, 1)] domains=[[1, 2, -4], [1, -1, 2, -4], [1, -3, -4], [-4], [4]] -> residual degree 2   dual log [(1, 12, 5, True), (2, 48, 30, False)]
seed 12: L_eq found [0.0s]; U=[(0, 0, 0, 0, 1), (-1, -1, -1, -1, 1), (-1, -1, -1, 0, 1), (-1, -1, 0, 0, 1), (-1, 0, 0, 0, 1)] domains=[[1, 2, -4], [1, 2, 3, -4], [1, -1, 2, -3, -4], [-4], [4]] -> residual degree 2   dual log [(1, 14, 5, True), (2, 65, 36, False)]
seed 13: L_eq found [0.0s]; U=[(0, 0, 0, 0, 1), (-1, -1, -1, -1, 1), (-1, -1, -1, 0, 1), (-1, -1, 0, 0, 1), (-1, 0, 0, 0, 1)] domains=[[-1, -3, -4], [-1, 2, -3, -4], [-1, -4], [-4], [4]] -> residual degree 2   dual log [(1, 11, 5, True), (2, 41, 27, False)]
seed 14: L_eq found [0.0s]; U=[(0, 0, 0, 0, 1), (-1, -1, -1, -1, 1), (-1, -1, -1, 0, 1), (-1, -1, 0, 0, 1), (-1, 0, 0, 0, 1)] domains=[[-4], [1, -2, -3, -4], [-2, -3, -4], [-4], [4]] -> residual degree 2   dual log [(1, 10, 5, True), (2, 32, 23, False)]
seed 15: L_eq found [0.0s]; U=[(0, 0, 0, 0, 1), (-1, -1, -1, -1, 1), (-1, -1, -1, 0, 1), (-1, -1, 0, 0, 1), (-1, 0, 0, 0, 1)] domains=[[1, -4], [1, -1, -3, -4], [-1, -2, -4], [-4], [4]] -> residual degree 2   dual log [(1, 11, 5, True), (2, 38, 27, False)]
seed 16: L_eq found [0.0s]; U=[(0, 0, 0, 0, 1), (-1, -1, -1, -1, 1), (-1, -1, -1, 0, 1), (-1, -1, 0, 0, 1), (-1, 0, 0, 0, 1)] domains=[[2, -3, -4], [2, 3, -3, -4], [2, 3, -4], [-4], [4]] -> residual degree 2   dual log [(1, 12, 5, True), (2, 47, 30, False)]
seed 17: L_eq found [0.0s]; U=[(0, 0, 0, 0, 1), (-1, -1, -1, -1, 1), (-1, -1, -1, 0, 1), (-1, -1, 0, 0, 1), (-1, 0, 0, 0, 1)] domains=[[-4], [-1, 2, -3, -4], [2, -4], [-2, -4], [4]] -> residual degree 2   dual log [(1, 10, 5, True), (2, 31, 24, False)]
seed 18: L_eq found [0.0s]; U=[(0, 0, 0, 0, 1), (-1, -1, -1, -1, 1), (-1, -1, -1, 0, 1), (-1, -1, 0, 0, 1), (-1, 0, 0, 0, 1)] domains=[[1, -4], [-1, 2, -4], [-2, 3, -4], [-3, -4], [4]] -> residual degree 4   dual log [(1, 11, 5, True), (2, 40, 28, True), (3, 56, 52, True), (4, 25, 25, False)]
seed 19: L_eq found [0.0s]; U=[(0, 0, 0, 0, 1), (-1, -1, -1, -1, 1), (-1, -1, -1, 0, 1), (-1, -1, 0, 0, 1), (-1, 0, 0, 0, 1)] domains=[[-1, -4], [1, 2, -3, -4], [1, 2, 3, -4], [-4], [4]] -> residual degree 2   dual log [(1, 12, 5, True), (2, 46, 30, False)]
seed 20: L_eq found [0.0s]; U=[(0, 0, 0, 0, 1), (-1, -1, -1, -1, 1), (-1, -1, -1, 0, 1), (-1, -1, 0, 0, 1), (-1, 0, 0, 0, 1)] domains=[[2, -4], [2, -2, -3, -4], [1, -4], [-4], [4]] -> residual degree 2   dual log [(1, 10, 5, True), (2, 32, 24, False)]
seed 21: L_eq found [0.0s]; U=[(0, 0, 0, 0, 1), (-1, -1, -1, -1, 1), (-1, -1, -1, 0, 1), (-1, -1, 0, 0, 1), (-1, 0, 0, 0, 1)] domains=[[2, 3, -4], [2, -2, 3, -4], [-1, 2, -4], [-4], [4]] -> residual degree 2   dual log [(1, 12, 5, True), (2, 48, 30, False)]
seed 22: L_eq found [0.0s]; U=[(0, 0, 0, 0, 1), (-1, -1, -1, -1, 1), (-1, -1, -1, 0, 1), (-1, -1, 0, 0, 1), (-1, 0, 0, 0, 1)] domains=[[-4], [1, 2, -4], [1, -1, 2, -3, -4], [-4], [4]] -> residual degree 2   dual log [(1, 11, 5, True), (2, 37, 26, False)]
seed 23: L_eq found [0.0s]; U=[(0, 0, 0, 0, 1), (-1, -1, -1, -1, 1), (-1, -1, -1, 0, 1), (-1, -1, 0, 0, 1), (-1, 0, 0, 0, 1)] domains=[[-2, -3, -4], [1, -2, -3, -4], [1, 2, -3, -4], [-4], [4]] -> residual degree 2   dual log [(1, 13, 5, True), (2, 57, 33, False)]
seed 24: L_eq found [0.0s]; U=[(0, 0, 0, 0, 1), (-1, -1, -1, -1, 1), (-1, -1, -1, 0, 1), (-1, -1, 0, 0, 1), (-1, 0, 0, 0, 1)] domains=[[-3, -4], [2, 3, -3, -4], [-1, 3, -3, -4], [-4], [4]] -> residual degree 2   dual log [(1, 12, 5, True), (2, 45, 30, False)]
seed 25: L_eq found [0.0s]; U=[(0, 0, 0, 0, 1), (-1, -1, -1, -1, 1), (-1, -1, -1, 0, 1), (-1, -1, 0, 0, 1), (-1, 0, 0, 0, 1)] domains=[[2, -4], [-1, 2, -2, -3, -4], [1, -2, -3, -4], [-2, -4], [4]] -> residual degree 3   dual log [(1, 14, 5, True), (2, 63, 37, True), (3, 107, 88, False)]
seed 26: L_eq found [0.0s]; U=[(0, 0, 0, 0, 1), (-1, -1, -1, -1, 1), (-1, -1, -1, 0, 1), (-1, -1, 0, 0, 1), (-1, 0, 0, 0, 1)] domains=[[-4], [2, -4], [2, -3, -4], [-4], [4]] -> residual degree 2   dual log [(1, 8, 5, True), (2, 20, 17, False)]
seed 27: L_eq found [0.0s]; U=[(0, 0, 0, 0, 1), (-1, -1, -1, -1, 1), (-1, -1, -1, 0, 1), (-1, -1, 0, 0, 1), (-1, 0, 0, 0, 1)] domains=[[-4], [-1, 2, -4], [3, -4], [-4], [4]] -> residual degree 2   dual log [(1, 8, 5, True), (2, 20, 17, False)]
seed 28: L_eq found [0.0s]; U=[(0, 0, 0, 0, 1), (-1, -1, -1, -1, 1), (-1, -1, -1, 0, 1), (-1, -1, 0, 0, 1), (-1, 0, 0, 0, 1)] domains=[[-4], [-1, -2, -3, -4], [-2, -4], [-4], [4]] -> residual degree 2   dual log [(1, 9, 5, True), (2, 25, 20, False)]
seed 29: L_eq found [0.0s]; U=[(0, 0, 0, 0, 1), (-1, -1, -1, -1, 1), (-1, -1, -1, 0, 1), (-1, -1, 0, 0, 1), (-1, 0, 0, 0, 1)] domains=[[3, -4], [-1, 2, 3, -4], [2, 3, -3, -4], [-4], [4]] -> residual degree 2   dual log [(1, 12, 5, True), (2, 47, 30, False)]

summary: 0 of 30 gadgets have residual degree 5 (= conjectured sphere degree)
