|U|=3: (U, L_eq) pairs with residual degree 3:
  U=[(0, 0, 1), (-1, -1, 1), (-1, 0, 1)]: 16 L_eq;  e.g. L_eq=(2, -2, 1, 1) domains=[2, 2, 1] (d=3 unknowns 0)
      domains: {(-1, -1, 1): [-1, -2], (-1, 0, 1): [-1, 2], (0, 0, 1): [1]}  residual edges: [((-1, 0, 1), (-1, -1, 1)), ((0, 0, 1), (-1, -1, 1)), ((0, 0, 1), (-1, 0, 1))]
  U=[(0, 0, 1), (-1, -1, 1), (0, -1, 1)]: 16 L_eq;  e.g. L_eq=(2, 1, 1, 1) domains=[2, 2, 1] (d=3 unknowns 0)
      domains: {(-1, -1, 1): [-1, -2], (0, -1, 1): [1, -2], (0, 0, 1): [2]}  residual edges: [((0, -1, 1), (-1, -1, 1)), ((0, 0, 1), (-1, -1, 1)), ((0, 0, 1), (0, -1, 1))]
  U=[(0, 0, 1), (-1, 0, 1), (-1, 1, 1)]: 16 L_eq;  e.g. L_eq=(2, 1, 1, 2) domains=[2, 2, 1] (d=3 unknowns 0)
      domains: {(-1, 0, 1): [-1, -2], (-1, 1, 1): [-1, 2], (0, 0, 1): [1]}  residual edges: [((-1, 0, 1), (-1, 1, 1)), ((0, 0, 1), (-1, 0, 1)), ((0, 0, 1), (-1, 1, 1))]
  U=[(0, 0, 1), (-1, 1, 1), (0, 1, 1)]: 16 L_eq;  e.g. L_eq=(2, 1, 1, 1) domains=[2, 1, 2] (d=3 unknowns 0)
      domains: {(-1, 1, 1): [-1, 2], (0, 0, 1): [-2], (0, 1, 1): [1, 2]}  residual edges: [((0, 0, 1), (-1, 1, 1)), ((0, 0, 1), (0, 1, 1)), ((0, 1, 1), (-1, 1, 1))]
  U=[(0, 0, 1), (0, -1, 1), (1, -1, 1)]: 16 L_eq;  e.g. L_eq=(2, 1, 1, 1) domains=[2, 1, 2] (d=3 unknowns 0)
      domains: {(0, -1, 1): [-1, -2], (0, 0, 1): [2], (1, -1, 1): [1, -2]}  residual edges: [((0, -1, 1), (1, -1, 1)), ((0, 0, 1), (0, -1, 1)), ((0, 0, 1), (1, -1, 1))]
  U=[(0, 0, 1), (0, 1, 1), (1, 1, 1)]: 16 L_eq;  e.g. L_eq=(2, 1, 1, 1) domains=[1, 2, 2] (d=3 unknowns 0)
      domains: {(0, 0, 1): [-2], (0, 1, 1): [-1, 2], (1, 1, 1): [1, 2]}  residual edges: [((0, 0, 1), (0, 1, 1)), ((0, 0, 1), (1, 1, 1)), ((0, 1, 1), (1, 1, 1))]
  U=[(0, 0, 1), (1, -1, 1), (1, 0, 1)]: 16 L_eq;  e.g. L_eq=(2, 1, 1, 2) domains=[1, 2, 2] (d=3 unknowns 0)
      domains: {(0, 0, 1): [-1], (1, -1, 1): [1, -2], (1, 0, 1): [1, 2]}  residual edges: [((0, 0, 1), (1, -1, 1)), ((0, 0, 1), (1, 0, 1)), ((1, 0, 1), (1, -1, 1))]
  U=[(0, 0, 1), (1, 0, 1), (1, 1, 1)]: 16 L_eq;  e.g. L_eq=(2, -2, 1, 1) domains=[1, 2, 2] (d=3 unknowns 0)
      domains: {(0, 0, 1): [-1], (1, 0, 1): [1, -2], (1, 1, 1): [1, 2]}  residual edges: [((0, 0, 1), (1, 0, 1)), ((0, 0, 1), (1, 1, 1)), ((1, 0, 1), (1, 1, 1))]
|U|=4: (U, L_eq) pairs with residual degree 3:
  U=[(0, 0, 1), (-1, -1, 1), (-1, 0, 1), (-1, 1, 1)]: 32 L_eq;  e.g. L_eq=(2, 1, 1, 1) domains=[2, 3, 2, 1] (d=3 unknowns 11)
  U=[(0, 0, 1), (-1, -1, 1), (-1, 0, 1), (0, -1, 1)]: 56 L_eq;  e.g. L_eq=(2, 1, 1, 1) domains=[2, 3, 2, 1] (d=3 unknowns 11)
  U=[(0, 0, 1), (-1, -1, 1), (-1, 0, 1), (0, 1, 1)]: 16 L_eq;  e.g. L_eq=(2, -2, 1, 1) domains=[2, 2, 1, 2] (d=3 unknowns 10)
  U=[(0, 0, 1), (-1, -1, 1), (-1, 0, 1), (1, -1, 1)]: 16 L_eq;  e.g. L_eq=(2, -2, 1, 1) domains=[2, 2, 1, 2] (d=3 unknowns 10)
  U=[(0, 0, 1), (-1, -1, 1), (-1, 0, 1), (1, 0, 1)]: 16 L_eq;  e.g. L_eq=(2, -2, 1, 1) domains=[2, 2, 1, 2] (d=3 unknowns 10)
  U=[(0, 0, 1), (-1, -1, 1), (-1, 0, 1), (1, 1, 1)]: 16 L_eq;  e.g. L_eq=(2, -2, 1, 1) domains=[2, 2, 1, 2] (d=3 unknowns 10)
  U=[(0, 0, 1), (-1, -1, 1), (-1, 1, 1), (0, -1, 1)]: 16 L_eq;  e.g. L_eq=(2, 1, 1, 1) domains=[2, 2, 2, 1] (d=3 unknowns 10)
  U=[(0, 0, 1), (-1, -1, 1), (-1, 1, 1), (0, 1, 1)]: 16 L_eq;  e.g. L_eq=(2, 1, 1, 1) domains=[2, 2, 1, 2] (d=3 unknowns 10)
  U=[(0, 0, 1), (-1, -1, 1), (0, -1, 1), (0, 1, 1)]: 16 L_eq;  e.g. L_eq=(2, 1, 1, 1) domains=[2, 2, 2, 1] (d=3 unknowns 8)
  U=[(0, 0, 1), (-1, -1, 1), (0, -1, 1), (1, -1, 1)]: 32 L_eq;  e.g. L_eq=(2, 1, 1, 1) domains=[2, 3, 1, 2] (d=3 unknowns 11)
  U=[(0, 0, 1), (-1, -1, 1), (0, -1, 1), (1, 0, 1)]: 16 L_eq;  e.g. L_eq=(2, 1, 1, 1) domains=[2, 2, 1, 3] (d=3 unknowns 13)
  U=[(0, 0, 1), (-1, -1, 1), (0, -1, 1), (1, 1, 1)]: 16 L_eq;  e.g. L_eq=(2, 1, 1, 1) domains=[2, 2, 1, 2] (d=3 unknowns 10)
  U=[(0, 0, 1), (-1, -1, 1), (0, 1, 1), (1, 1, 1)]: 16 L_eq;  e.g. L_eq=(2, 1, 1, 1) domains=[2, 1, 2, 2] (d=3 unknowns 10)
  U=[(0, 0, 1), (-1, -1, 1), (1, -1, 1), (1, 0, 1)]: 16 L_eq;  e.g. L_eq=(2, 1, 1, 2) domains=[2, 1, 2, 2] (d=3 unknowns 10)
  U=[(0, 0, 1), (-1, -1, 1), (1, 0, 1), (1, 1, 1)]: 16 L_eq;  e.g. L_eq=(2, -2, 1, 1) domains=[2, 1, 2, 2] (d=3 unknowns 10)
  U=[(0, 0, 1), (-1, 0, 1), (-1, 1, 1), (0, -1, 1)]: 16 L_eq;  e.g. L_eq=(2, 1, 1, 2) domains=[2, 2, 2, 1] (d=3 unknowns 10)
  U=[(0, 0, 1), (-1, 0, 1), (-1, 1, 1), (0, 1, 1)]: 56 L_eq;  e.g. L_eq=(2, 1, 1, 1) domains=[3, 2, 1, 2] (d=3 unknowns 11)
  U=[(0, 0, 1), (-1, 0, 1), (-1, 1, 1), (1, -1, 1)]: 16 L_eq;  e.g. L_eq=(2, 1, 1, 2) domains=[2, 2, 1, 2] (d=3 unknowns 10)
  U=[(0, 0, 1), (-1, 0, 1), (-1, 1, 1), (1, 0, 1)]: 16 L_eq;  e.g. L_eq=(2, 1, 1, 2) domains=[2, 2, 1, 2] (d=3 unknowns 10)
  U=[(0, 0, 1), (-1, 0, 1), (-1, 1, 1), (1, 1, 1)]: 16 L_eq;  e.g. L_eq=(2, 1, 1, 2) domains=[2, 2, 1, 2] (d=3 unknowns 10)
  U=[(0, 0, 1), (-1, 0, 1), (0, -1, 1), (1, -1, 1)]: 16 L_eq;  e.g. L_eq=(2, 1, 1, 1) domains=[3, 2, 1, 2] (d=3 unknowns 13)
  U=[(0, 0, 1), (-1, 0, 1), (0, 1, 1), (1, 1, 1)]: 16 L_eq;  e.g. L_eq=(2, 1, 1, 1) domains=[3, 1, 2, 2] (d=3 unknowns 13)
  U=[(0, 0, 1), (-1, 0, 1), (1, -1, 1), (1, 0, 1)]: 16 L_eq;  e.g. L_eq=(2, 1, 1, 2) domains=[2, 1, 2, 2] (d=3 unknowns 10)
  U=[(0, 0, 1), (-1, 0, 1), (1, 0, 1), (1, 1, 1)]: 16 L_eq;  e.g. L_eq=(2, -2, 1, 1) domains=[2, 1, 2, 2] (d=3 unknowns 10)
  U=[(0, 0, 1), (-1, 1, 1), (0, -1, 1), (0, 1, 1)]: 16 L_eq;  e.g. L_eq=(2, 1, 1, 1) domains=[2, 1, 2, 2] (d=3 unknowns 8)
  U=[(0, 0, 1), (-1, 1, 1), (0, -1, 1), (1, -1, 1)]: 16 L_eq;  e.g. L_eq=(2, 1, 1, 1) domains=[2, 2, 1, 2] (d=3 unknowns 10)
  U=[(0, 0, 1), (-1, 1, 1), (0, 1, 1), (1, -1, 1)]: 16 L_eq;  e.g. L_eq=(2, 1, 1, 1) domains=[2, 1, 2, 2] (d=3 unknowns 10)
  U=[(0, 0, 1), (-1, 1, 1), (0, 1, 1), (1, 0, 1)]: 16 L_eq;  e.g. L_eq=(2, 1, 1, 1) domains=[2, 1, 2, 3] (d=3 unknowns 13)
  U=[(0, 0, 1), (-1, 1, 1), (0, 1, 1), (1, 1, 1)]: 32 L_eq;  e.g. L_eq=(2, 1, 1, 1) domains=[2, 1, 3, 2] (d=3 unknowns 11)
  U=[(0, 0, 1), (-1, 1, 1), (1, -1, 1), (1, 0, 1)]: 16 L_eq;  e.g. L_eq=(2, 1, 1, 2) domains=[2, 1, 2, 2] (d=3 unknowns 10)
  U=[(0, 0, 1), (-1, 1, 1), (1, 0, 1), (1, 1, 1)]: 16 L_eq;  e.g. L_eq=(2, -2, 1, 1) domains=[2, 1, 2, 2] (d=3 unknowns 10)
  U=[(0, 0, 1), (0, -1, 1), (0, 1, 1), (1, -1, 1)]: 16 L_eq;  e.g. L_eq=(2, 1, 1, 1) domains=[2, 2, 1, 2] (d=3 unknowns 8)
  U=[(0, 0, 1), (0, -1, 1), (0, 1, 1), (1, 1, 1)]: 16 L_eq;  e.g. L_eq=(2, 1, 1, 1) domains=[1, 2, 2, 2] (d=3 unknowns 8)
  U=[(0, 0, 1), (0, -1, 1), (1, -1, 1), (1, 0, 1)]: 56 L_eq;  e.g. L_eq=(2, 1, 1, 1) domains=[2, 1, 2, 3] (d=3 unknowns 11)
  U=[(0, 0, 1), (0, -1, 1), (1, -1, 1), (1, 1, 1)]: 16 L_eq;  e.g. L_eq=(2, 1, 1, 1) domains=[2, 1, 2, 2] (d=3 unknowns 10)
  U=[(0, 0, 1), (0, -1, 1), (1, 0, 1), (1, 1, 1)]: 16 L_eq;  e.g. L_eq=(2, -2, 1, 1) domains=[2, 1, 2, 2] (d=3 unknowns 10)
  U=[(0, 0, 1), (0, 1, 1), (1, -1, 1), (1, 0, 1)]: 16 L_eq;  e.g. L_eq=(2, 1, 1, 2) domains=[1, 2, 2, 2] (d=3 unknowns 10)
  U=[(0, 0, 1), (0, 1, 1), (1, -1, 1), (1, 1, 1)]: 16 L_eq;  e.g. L_eq=(2, 1, 1, 1) domains=[1, 2, 2, 2] (d=3 unknowns 10)
  U=[(0, 0, 1), (0, 1, 1), (1, 0, 1), (1, 1, 1)]: 56 L_eq;  e.g. L_eq=(2, 1, 1, 1) domains=[1, 2, 3, 2] (d=3 unknowns 11)
  U=[(0, 0, 1), (1, -1, 1), (1, 0, 1), (1, 1, 1)]: 32 L_eq;  e.g. L_eq=(2, 1, 1, 1) domains=[1, 2, 3, 2] (d=3 unknowns 11)
