base: consistent True rank 94064

size-1 marginals: 240 partial labelings in 4 full-group types
  E=0 on type   0 (size     24, 4 rows): NO solution  rank 94066  [ranks=(1,) edges= simplex mags=(1,) ]
  E=0 on type   1 (size     72, 8 rows): NO solution  rank 94068  [ranks=(2,) edges= simplex mags=(1,) ]
  E=0 on type   2 (size     96, 12 rows): NO solution  rank 94070  [ranks=(3,) edges= simplex mags=(1,) ]
  E=0 on type   3 (size     48, 8 rows): NO solution  rank 94068  [ranks=(4,) edges= simplex mags=(1,) ]
NECESSARY size-1 marginal types (4 of 4):
   ranks=(1,) edges= simplex mags=(1,)    rep=((0, 1),)
   ranks=(2,) edges= simplex mags=(1,)    rep=((1, 1),)
   ranks=(3,) edges= simplex mags=(1,)    rep=((4, 1),)
   ranks=(4,) edges= simplex mags=(1,)    rep=((13, 1),)

size-2 marginals: 26688 partial labelings in 48 full-group types
  E=0 on type   0 (size    144, 16 rows): solution     rank 94080  [ranks=(1, 2) edges=E simplex mags=(1, 1) 01:eq]
  E=0 on type   1 (size    576, 64 rows): NO solution  rank 94125  [ranks=(1, 2) edges=E simplex mags=(1, 2) ]
  E=0 on type   2 (size     72, 8 rows): solution     rank 94072  [ranks=(1, 1) edges=- nonsimplex mags=(1, 1) 01:eq]
  E=0 on type   3 (size    144, 16 rows): solution     rank 94080  [ranks=(1, 1) edges=- nonsimplex mags=(1, 2) ]
  E=0 on type   4 (size    288, 32 rows): solution     rank 94096  [ranks=(1, 3) edges=E simplex mags=(1, 1) 01:eq]
  E=0 on type   5 (size   1152, 128 rows): NO solution  rank 94183  [ranks=(1, 3) edges=E simplex mags=(1, 2) ]
  E=0 on type   6 (size    288, 32 rows): solution     rank 94096  [ranks=(1, 2) edges=- nonsimplex mags=(1, 1) 01:eq]
  E=0 on type   7 (size    576, 64 rows): solution     rank 94128  [ranks=(1, 2) edges=- nonsimplex mags=(1, 2) ]
  E=0 on type   8 (size    192, 24 rows): solution     rank 94088  [ranks=(1, 4) edges=E simplex mags=(1, 1) 01:eq]
  E=0 on type   9 (size    768, 96 rows): NO solution  rank 94153  [ranks=(1, 4) edges=E simplex mags=(1, 2) ]
  E=0 on type  10 (size    192, 24 rows): solution     rank 94088  [ranks=(1, 3) edges=- nonsimplex mags=(1, 1) 01:eq]
  E=0 on type  11 (size    384, 48 rows): solution     rank 94112  [ranks=(1, 3) edges=- nonsimplex mags=(1, 2) ]
  E=0 on type  12 (size     72, 8 rows): solution     rank 94072  [ranks=(2, 2) edges=- nonsimplex mags=(1, 1) 01:eq]
  E=0 on type  13 (size    144, 16 rows): solution     rank 94080  [ranks=(2, 2) edges=- nonsimplex mags=(1, 2) ]
  E=0 on type  14 (size    576, 64 rows): solution     rank 94128  [ranks=(2, 3) edges=- nonsimplex mags=(1, 1) 01:eq]
  E=0 on type  15 (size   1152, 128 rows): solution     rank 94192  [ranks=(2, 3) edges=- nonsimplex mags=(1, 2) ]
  E=0 on type  16 (size    288, 32 rows): solution     rank 94096  [ranks=(2, 2) edges=- nonsimplex mags=(1, 1) 01:eq]
  E=0 on type  17 (size    288, 32 rows): solution     rank 94096  [ranks=(2, 2) edges=- nonsimplex mags=(1, 1) 01:ne]
  E=0 on type  18 (size   1152, 128 rows): solution     rank 94192  [ranks=(2, 2) edges=- nonsimplex mags=(1, 2) ]
  E=0 on type  19 (size    288, 32 rows): solution     rank 94096  [ranks=(2, 3) edges=E simplex mags=(1, 1) 01:eq]
  E=0 on type  20 (size   1152, 128 rows): NO solution  rank 94185  [ranks=(2, 3) edges=E simplex mags=(1, 2) ]
  E=0 on type  21 (size    576, 64 rows): solution     rank 94128  [ranks=(2, 4) edges=- nonsimplex mags=(1, 1) 01:eq]
  E=0 on type  22 (size   1152, 128 rows): solution     rank 94192  [ranks=(2, 4) edges=- nonsimplex mags=(1, 2) ]
  E=0 on type  23 (size    576, 64 rows): solution     rank 94128  [ranks=(2, 3) edges=- nonsimplex mags=(1, 1) 01:eq]
  E=0 on type  24 (size    576, 64 rows): solution     rank 94128  [ranks=(2, 3) edges=- nonsimplex mags=(1, 1) 01:ne]
  E=0 on type  25 (size   2304, 256 rows): solution     rank 94320  [ranks=(2, 3) edges=- nonsimplex mags=(1, 2) ]
  E=0 on type  26 (size    288, 32 rows): solution     rank 94096  [ranks=(2, 4) edges=E simplex mags=(1, 1) 01:eq]
  E=0 on type  27 (size   1152, 128 rows): NO solution  rank 94183  [ranks=(2, 4) edges=E simplex mags=(1, 2) ]
  E=0 on type  28 (size    144, 16 rows): solution     rank 94080  [ranks=(2, 2) edges=- nonsimplex mags=(1, 1) 01:eq]
  E=0 on type  29 (size    288, 32 rows): solution     rank 94096  [ranks=(2, 2) edges=- nonsimplex mags=(1, 2) ]
  E=0 on type  30 (size    144, 16 rows): solution     rank 94080  [ranks=(3, 3) edges=- nonsimplex mags=(1, 1) 01:eq]
  E=0 on type  31 (size    144, 16 rows): solution     rank 94080  [ranks=(3, 3) edges=- nonsimplex mags=(1, 1) 01:ne]
  E=0 on type  32 (size    576, 64 rows): solution     rank 94128  [ranks=(3, 3) edges=- nonsimplex mags=(1, 2) ]
  E=0 on type  33 (size    576, 64 rows): solution     rank 94128  [ranks=(3, 4) edges=- nonsimplex mags=(1, 1) 01:eq]
  E=0 on type  34 (size    576, 64 rows): solution     rank 94128  [ranks=(3, 4) edges=- nonsimplex mags=(1, 1) 01:ne]
  E=0 on type  35 (size   2304, 256 rows): solution     rank 94320  [ranks=(3, 4) edges=- nonsimplex mags=(1, 2) ]
  E=0 on type  36 (size    576, 64 rows): solution     rank 94128  [ranks=(3, 3) edges=- nonsimplex mags=(1, 1) 01:eq]
  E=0 on type  37 (size   1152, 128 rows): solution     rank 94192  [ranks=(3, 3) edges=- nonsimplex mags=(1, 2) ]
  E=0 on type  38 (size    288, 32 rows): solution     rank 94096  [ranks=(3, 3) edges=- nonsimplex mags=(1, 1) 01:eq]
  E=0 on type  39 (size    288, 32 rows): solution     rank 94096  [ranks=(3, 3) edges=- nonsimplex mags=(1, 1) 01:ne]
  E=0 on type  40 (size   1152, 128 rows): solution     rank 94192  [ranks=(3, 3) edges=- nonsimplex mags=(1, 2) ]
  E=0 on type  41 (size    192, 24 rows): solution     rank 94088  [ranks=(3, 4) edges=E simplex mags=(1, 1) 01:eq]
  E=0 on type  42 (size    768, 96 rows): NO solution  rank 94157  [ranks=(3, 4) edges=E simplex mags=(1, 2) ]
  E=0 on type  43 (size     96, 12 rows): solution     rank 94076  [ranks=(4, 4) edges=- nonsimplex mags=(1, 1) 01:eq]
  E=0 on type  44 (size     96, 12 rows): solution     rank 94076  [ranks=(4, 4) edges=- nonsimplex mags=(1, 1) 01:ne]
  E=0 on type  45 (size    384, 48 rows): solution     rank 94112  [ranks=(4, 4) edges=- nonsimplex mags=(1, 2) ]
  E=0 on type  46 (size    144, 16 rows): solution     rank 94080  [ranks=(4, 4) edges=- nonsimplex mags=(1, 1) 01:eq]
  E=0 on type  47 (size    288, 32 rows): solution     rank 94096  [ranks=(4, 4) edges=- nonsimplex mags=(1, 2) ]
NECESSARY size-2 marginal types (6 of 48):
   ranks=(1, 2) edges=E simplex mags=(1, 2)    rep=((0, 1), (1, 2))
   ranks=(1, 3) edges=E simplex mags=(1, 2)    rep=((0, 1), (4, 2))
   ranks=(1, 4) edges=E simplex mags=(1, 2)    rep=((0, 1), (13, 2))
   ranks=(2, 3) edges=E simplex mags=(1, 2)    rep=((1, 1), (6, 2))
   ranks=(2, 4) edges=E simplex mags=(1, 2)    rep=((1, 1), (15, 2))
   ranks=(3, 4) edges=E simplex mags=(1, 2)    rep=((4, 1), (21, 2))
