m=3: 80 valid equatorial labelings (S^1, labels +-1,+-2)
  L_eq=(2, 1, 1, 1): domains=[2, 3, 2, 3, 4, 3, 2, 3, 2]  F_2 degree 3  F_p degree 3   (F_2 log: [(1, 24, 9), (2, 226, 141), (3, 1112, 908)])
  L_eq=(2, 1, 1, 2): domains=[2, 3, 2, 3, 4, 3, 2, 3, 2]  F_2 degree 3  F_p degree 3   (F_2 log: [(1, 24, 9), (2, 226, 141), (3, 1112, 908)])
  L_eq=(2, 1, 2, 2): domains=[3, 3, 1, 3, 4, 3, 1, 3, 3]  F_2 degree 3  F_p degree 3   (F_2 log: [(1, 24, 9), (2, 220, 141), (3, 1030, 868)])
  L_eq=(2, 1, 2, 1): domains=[2, 3, 1, 3, 4, 3, 1, 3, 2]  F_2 degree 3  F_p degree 3   (F_2 log: [(1, 22, 9), (2, 185, 127), (3, 796, 698)])
  L_eq=(2, 1, 2, -1): domains=[2, 3, 1, 3, 4, 3, 1, 3, 2]  F_2 degree 3  F_p degree 3   (F_2 log: [(1, 22, 9), (2, 185, 127), (3, 796, 698)])
  L_eq=(2, 1, -2, -1): domains=[1, 3, 2, 3, 4, 3, 2, 3, 1]  F_2 degree 3  F_p degree 3   (F_2 log: [(1, 22, 9), (2, 185, 127), (3, 796, 698)])
  L_eq=(2, 1, -2, 1): domains=[1, 3, 2, 3, 4, 3, 2, 3, 1]  F_2 degree 3  F_p degree 3   (F_2 log: [(1, 22, 9), (2, 185, 127), (3, 796, 698)])
  L_eq=(2, -1, 2, -1): domains=[2, 3, 1, 3, 4, 3, 1, 3, 2]  F_2 degree 3  F_p degree 3   (F_2 log: [(1, 22, 9), (2, 185, 127), (3, 796, 698)])
  L_eq=(2, -1, 2, 2): domains=[3, 3, 1, 3, 4, 3, 1, 3, 3]  F_2 degree 3  F_p degree 3   (F_2 log: [(1, 24, 9), (2, 220, 141), (3, 1030, 868)])
  L_eq=(2, -1, 2, 1): domains=[2, 3, 1, 3, 4, 3, 1, 3, 2]  F_2 degree 3  F_p degree 3   (F_2 log: [(1, 22, 9), (2, 185, 127), (3, 796, 698)])
  L_eq=(2, -1, -2, -1): domains=[1, 3, 2, 3, 4, 3, 2, 3, 1]  F_2 degree 3  F_p degree 3   (F_2 log: [(1, 22, 9), (2, 185, 127), (3, 796, 698)])
  L_eq=(2, -1, -2, 1): domains=[1, 3, 2, 3, 4, 3, 2, 3, 1]  F_2 degree 3  F_p degree 3   (F_2 log: [(1, 22, 9), (2, 185, 127), (3, 796, 698)])
  L_eq=(2, -1, -1, -1): domains=[2, 3, 2, 3, 4, 3, 2, 3, 2]  F_2 degree 3  F_p degree 3   (F_2 log: [(1, 24, 9), (2, 226, 141), (3, 1112, 908)])
  L_eq=(2, -1, -1, 2): domains=[2, 3, 2, 3, 4, 3, 2, 3, 2]  F_2 degree 3  F_p degree 3   (F_2 log: [(1, 24, 9), (2, 226, 141), (3, 1112, 908)])
  L_eq=(2, -2, 1, 1): domains=[2, 3, 2, 3, 4, 3, 2, 3, 2]  F_2 degree 3  F_p degree 3   (F_2 log: [(1, 24, 9), (2, 226, 141), (3, 1112, 908)])
  L_eq=(2, -2, 1, 2): domains=[2, 3, 2, 3, 4, 3, 2, 3, 2]  F_2 degree 3  F_p degree 3   (F_2 log: [(1, 24, 9), (2, 226, 141), (3, 1112, 908)])
  L_eq=(2, -2, -2, -1): domains=[1, 3, 3, 3, 4, 3, 3, 3, 1]  F_2 degree 3  F_p degree 3   (F_2 log: [(1, 24, 9), (2, 220, 141), (3, 1030, 868)])
  L_eq=(2, -2, -2, 1): domains=[1, 3, 3, 3, 4, 3, 3, 3, 1]  F_2 degree 3  F_p degree 3   (F_2 log: [(1, 24, 9), (2, 220, 141), (3, 1030, 868)])
  L_eq=(2, -2, -1, -1): domains=[2, 3, 2, 3, 4, 3, 2, 3, 2]  F_2 degree 3  F_p degree 3   (F_2 log: [(1, 24, 9), (2, 226, 141), (3, 1112, 908)])
  L_eq=(2, -2, -1, 2): domains=[2, 3, 2, 3, 4, 3, 2, 3, 2]  F_2 degree 3  F_p degree 3   (F_2 log: [(1, 24, 9), (2, 226, 141), (3, 1112, 908)])
  L_eq=(1, -2, -2, -2): domains=[2, 3, 2, 3, 4, 3, 2, 3, 2]  F_2 degree 3  F_p degree 3   (F_2 log: [(1, 24, 9), (2, 226, 141), (3, 1112, 908)])
  L_eq=(1, -2, -2, 1): domains=[2, 3, 2, 3, 4, 3, 2, 3, 2]  F_2 degree 3  F_p degree 3   (F_2 log: [(1, 24, 9), (2, 226, 141), (3, 1112, 908)])
  L_eq=(1, -2, -1, 2): domains=[1, 3, 2, 3, 4, 3, 2, 3, 1]  F_2 degree 3  F_p degree 3   (F_2 log: [(1, 22, 9), (2, 185, 127), (3, 796, 698)])
  L_eq=(1, -2, -1, -2): domains=[1, 3, 2, 3, 4, 3, 2, 3, 1]  F_2 degree 3  F_p degree 3   (F_2 log: [(1, 22, 9), (2, 185, 127), (3, 796, 698)])
  L_eq=(1, -2, 1, 2): domains=[2, 3, 1, 3, 4, 3, 1, 3, 2]  F_2 degree 3  F_p degree 3   (F_2 log: [(1, 22, 9), (2, 185, 127), (3, 796, 698)])
  L_eq=(1, -2, 1, -2): domains=[2, 3, 1, 3, 4, 3, 1, 3, 2]  F_2 degree 3  F_p degree 3   (F_2 log: [(1, 22, 9), (2, 185, 127), (3, 796, 698)])
  L_eq=(1, -2, 1, 1): domains=[3, 3, 1, 3, 4, 3, 1, 3, 3]  F_2 degree 3  F_p degree 3   (F_2 log: [(1, 24, 9), (2, 220, 141), (3, 1030, 868)])
  L_eq=(1, -1, 2, 1): domains=[2, 3, 2, 3, 4, 3, 2, 3, 2]  F_2 degree 3  F_p degree 3   (F_2 log: [(1, 24, 9), (2, 226, 141), (3, 1112, 908)])
  L_eq=(1, -1, 2, 2): domains=[2, 3, 2, 3, 4, 3, 2, 3, 2]  F_2 degree 3  F_p degree 3   (F_2 log: [(1, 24, 9), (2, 226, 141), (3, 1112, 908)])
  L_eq=(1, -1, -1, -2): domains=[1, 3, 3, 3, 4, 3, 3, 3, 1]  F_2 degree 3  F_p degree 3   (F_2 log: [(1, 24, 9), (2, 220, 141), (3, 1030, 868)])
  L_eq=(1, -1, -1, 2): domains=[1, 3, 3, 3, 4, 3, 3, 3, 1]  F_2 degree 3  F_p degree 3   (F_2 log: [(1, 24, 9), (2, 220, 141), (3, 1030, 868)])
  L_eq=(1, -1, -2, -2): domains=[2, 3, 2, 3, 4, 3, 2, 3, 2]  F_2 degree 3  F_p degree 3   (F_2 log: [(1, 24, 9), (2, 226, 141), (3, 1112, 908)])
  L_eq=(1, -1, -2, 1): domains=[2, 3, 2, 3, 4, 3, 2, 3, 2]  F_2 degree 3  F_p degree 3   (F_2 log: [(1, 24, 9), (2, 226, 141), (3, 1112, 908)])
  L_eq=(1, 2, 2, 1): domains=[2, 3, 2, 3, 4, 3, 2, 3, 2]  F_2 degree 3  F_p degree 3   (F_2 log: [(1, 24, 9), (2, 226, 141), (3, 1112, 908)])
  L_eq=(1, 2, 2, 2): domains=[2, 3, 2, 3, 4, 3, 2, 3, 2]  F_2 degree 3  F_p degree 3   (F_2 log: [(1, 24, 9), (2, 226, 141), (3, 1112, 908)])
  L_eq=(1, 2, 1, 2): domains=[2, 3, 1, 3, 4, 3, 1, 3, 2]  F_2 degree 3  F_p degree 3   (F_2 log: [(1, 22, 9), (2, 185, 127), (3, 796, 698)])
  L_eq=(1, 2, 1, -2): domains=[2, 3, 1, 3, 4, 3, 1, 3, 2]  F_2 degree 3  F_p degree 3   (F_2 log: [(1, 22, 9), (2, 185, 127), (3, 796, 698)])
  L_eq=(1, 2, 1, 1): domains=[3, 3, 1, 3, 4, 3, 1, 3, 3]  F_2 degree 3  F_p degree 3   (F_2 log: [(1, 24, 9), (2, 220, 141), (3, 1030, 868)])
  L_eq=(1, 2, -1, 2): domains=[1, 3, 2, 3, 4, 3, 2, 3, 1]  F_2 degree 3  F_p degree 3   (F_2 log: [(1, 22, 9), (2, 185, 127), (3, 796, 698)])
  L_eq=(1, 2, -1, -2): domains=[1, 3, 2, 3, 4, 3, 2, 3, 1]  F_2 degree 3  F_p degree 3   (F_2 log: [(1, 22, 9), (2, 185, 127), (3, 796, 698)])
  L_eq=(-1, -2, -2, -1): domains=[2, 3, 2, 3, 4, 3, 2, 3, 2]  F_2 degree 3  F_p degree 3   (F_2 log: [(1, 24, 9), (2, 226, 141), (3, 1112, 908)])
  L_eq=(-1, -2, -2, -2): domains=[2, 3, 2, 3, 4, 3, 2, 3, 2]  F_2 degree 3  F_p degree 3   (F_2 log: [(1, 24, 9), (2, 226, 141), (3, 1112, 908)])
  L_eq=(-1, -2, -1, -2): domains=[2, 3, 1, 3, 4, 3, 1, 3, 2]  F_2 degree 3  F_p degree 3   (F_2 log: [(1, 22, 9), (2, 185, 127), (3, 796, 698)])
  L_eq=(-1, -2, -1, 2): domains=[2, 3, 1, 3, 4, 3, 1, 3, 2]  F_2 degree 3  F_p degree 3   (F_2 log: [(1, 22, 9), (2, 185, 127), (3, 796, 698)])
  L_eq=(-1, -2, -1, -1): domains=[3, 3, 1, 3, 4, 3, 1, 3, 3]  F_2 degree 3  F_p degree 3   (F_2 log: [(1, 24, 9), (2, 220, 141), (3, 1030, 868)])
  L_eq=(-1, -2, 1, -2): domains=[1, 3, 2, 3, 4, 3, 2, 3, 1]  F_2 degree 3  F_p degree 3   (F_2 log: [(1, 22, 9), (2, 185, 127), (3, 796, 698)])
  L_eq=(-1, -2, 1, 2): domains=[1, 3, 2, 3, 4, 3, 2, 3, 1]  F_2 degree 3  F_p degree 3   (F_2 log: [(1, 22, 9), (2, 185, 127), (3, 796, 698)])
  L_eq=(-1, 2, -1, -2): domains=[2, 3, 1, 3, 4, 3, 1, 3, 2]  F_2 degree 3  F_p degree 3   (F_2 log: [(1, 22, 9), (2, 185, 127), (3, 796, 698)])
  L_eq=(-1, 2, -1, 2): domains=[2, 3, 1, 3, 4, 3, 1, 3, 2]  F_2 degree 3  F_p degree 3   (F_2 log: [(1, 22, 9), (2, 185, 127), (3, 796, 698)])
  L_eq=(-1, 2, -1, -1): domains=[3, 3, 1, 3, 4, 3, 1, 3, 3]  F_2 degree 3  F_p degree 3   (F_2 log: [(1, 24, 9), (2, 220, 141), (3, 1030, 868)])
  L_eq=(-1, 2, 1, -2): domains=[1, 3, 2, 3, 4, 3, 2, 3, 1]  F_2 degree 3  F_p degree 3   (F_2 log: [(1, 22, 9), (2, 185, 127), (3, 796, 698)])
  L_eq=(-1, 2, 1, 2): domains=[1, 3, 2, 3, 4, 3, 2, 3, 1]  F_2 degree 3  F_p degree 3   (F_2 log: [(1, 22, 9), (2, 185, 127), (3, 796, 698)])
  L_eq=(-1, 2, 2, -1): domains=[2, 3, 2, 3, 4, 3, 2, 3, 2]  F_2 degree 3  F_p degree 3   (F_2 log: [(1, 24, 9), (2, 226, 141), (3, 1112, 908)])
  L_eq=(-1, 2, 2, 2): domains=[2, 3, 2, 3, 4, 3, 2, 3, 2]  F_2 degree 3  F_p degree 3   (F_2 log: [(1, 24, 9), (2, 226, 141), (3, 1112, 908)])
  L_eq=(-1, 1, -2, -1): domains=[2, 3, 2, 3, 4, 3, 2, 3, 2]  F_2 degree 3  F_p degree 3   (F_2 log: [(1, 24, 9), (2, 226, 141), (3, 1112, 908)])
  L_eq=(-1, 1, -2, -2): domains=[2, 3, 2, 3, 4, 3, 2, 3, 2]  F_2 degree 3  F_p degree 3   (F_2 log: [(1, 24, 9), (2, 226, 141), (3, 1112, 908)])
  L_eq=(-1, 1, 1, -2): domains=[1, 3, 3, 3, 4, 3, 3, 3, 1]  F_2 degree 3  F_p degree 3   (F_2 log: [(1, 24, 9), (2, 220, 141), (3, 1030, 868)])
  L_eq=(-1, 1, 1, 2): domains=[1, 3, 3, 3, 4, 3, 3, 3, 1]  F_2 degree 3  F_p degree 3   (F_2 log: [(1, 24, 9), (2, 220, 141), (3, 1030, 868)])
  L_eq=(-1, 1, 2, -1): domains=[2, 3, 2, 3, 4, 3, 2, 3, 2]  F_2 degree 3  F_p degree 3   (F_2 log: [(1, 24, 9), (2, 226, 141), (3, 1112, 908)])
  L_eq=(-1, 1, 2, 2): domains=[2, 3, 2, 3, 4, 3, 2, 3, 2]  F_2 degree 3  F_p degree 3   (F_2 log: [(1, 24, 9), (2, 226, 141), (3, 1112, 908)])
  L_eq=(-2, -1, 2, -1): domains=[1, 3, 2, 3, 4, 3, 2, 3, 1]  F_2 degree 3  F_p degree 3   (F_2 log: [(1, 22, 9), (2, 185, 127), (3, 796, 698)])
  L_eq=(-2, -1, 2, 1): domains=[1, 3, 2, 3, 4, 3, 2, 3, 1]  F_2 degree 3  F_p degree 3   (F_2 log: [(1, 22, 9), (2, 185, 127), (3, 796, 698)])
  L_eq=(-2, -1, -2, -1): domains=[2, 3, 1, 3, 4, 3, 1, 3, 2]  F_2 degree 3  F_p degree 3   (F_2 log: [(1, 22, 9), (2, 185, 127), (3, 796, 698)])
  L_eq=(-2, -1, -2, -2): domains=[3, 3, 1, 3, 4, 3, 1, 3, 3]  F_2 degree 3  F_p degree 3   (F_2 log: [(1, 24, 9), (2, 220, 141), (3, 1030, 868)])
  L_eq=(-2, -1, -2, 1): domains=[2, 3, 1, 3, 4, 3, 1, 3, 2]  F_2 degree 3  F_p degree 3   (F_2 log: [(1, 22, 9), (2, 185, 127), (3, 796, 698)])
  L_eq=(-2, -1, -1, -2): domains=[2, 3, 2, 3, 4, 3, 2, 3, 2]  F_2 degree 3  F_p degree 3   (F_2 log: [(1, 24, 9), (2, 226, 141), (3, 1112, 908)])
  L_eq=(-2, -1, -1, -1): domains=[2, 3, 2, 3, 4, 3, 2, 3, 2]  F_2 degree 3  F_p degree 3   (F_2 log: [(1, 24, 9), (2, 226, 141), (3, 1112, 908)])
  L_eq=(-2, 2, -1, -1): domains=[2, 3, 2, 3, 4, 3, 2, 3, 2]  F_2 degree 3  F_p degree 3   (F_2 log: [(1, 24, 9), (2, 226, 141), (3, 1112, 908)])
  L_eq=(-2, 2, -1, -2): domains=[2, 3, 2, 3, 4, 3, 2, 3, 2]  F_2 degree 3  F_p degree 3   (F_2 log: [(1, 24, 9), (2, 226, 141), (3, 1112, 908)])
  L_eq=(-2, 2, 2, -1): domains=[1, 3, 3, 3, 4, 3, 3, 3, 1]  F_2 degree 3  F_p degree 3   (F_2 log: [(1, 24, 9), (2, 220, 141), (3, 1030, 868)])
  L_eq=(-2, 2, 2, 1): domains=[1, 3, 3, 3, 4, 3, 3, 3, 1]  F_2 degree 3  F_p degree 3   (F_2 log: [(1, 24, 9), (2, 220, 141), (3, 1030, 868)])
  L_eq=(-2, 2, 1, -2): domains=[2, 3, 2, 3, 4, 3, 2, 3, 2]  F_2 degree 3  F_p degree 3   (F_2 log: [(1, 24, 9), (2, 226, 141), (3, 1112, 908)])
  L_eq=(-2, 2, 1, 1): domains=[2, 3, 2, 3, 4, 3, 2, 3, 2]  F_2 degree 3  F_p degree 3   (F_2 log: [(1, 24, 9), (2, 226, 141), (3, 1112, 908)])
  L_eq=(-2, 1, -2, -2): domains=[3, 3, 1, 3, 4, 3, 1, 3, 3]  F_2 degree 3  F_p degree 3   (F_2 log: [(1, 24, 9), (2, 220, 141), (3, 1030, 868)])
  L_eq=(-2, 1, -2, -1): domains=[2, 3, 1, 3, 4, 3, 1, 3, 2]  F_2 degree 3  F_p degree 3   (F_2 log: [(1, 22, 9), (2, 185, 127), (3, 796, 698)])
  L_eq=(-2, 1, -2, 1): domains=[2, 3, 1, 3, 4, 3, 1, 3, 2]  F_2 degree 3  F_p degree 3   (F_2 log: [(1, 22, 9), (2, 185, 127), (3, 796, 698)])
  L_eq=(-2, 1, 1, -2): domains=[2, 3, 2, 3, 4, 3, 2, 3, 2]  F_2 degree 3  F_p degree 3   (F_2 log: [(1, 24, 9), (2, 226, 141), (3, 1112, 908)])
  L_eq=(-2, 1, 1, 1): domains=[2, 3, 2, 3, 4, 3, 2, 3, 2]  F_2 degree 3  F_p degree 3   (F_2 log: [(1, 24, 9), (2, 226, 141), (3, 1112, 908)])
  L_eq=(-2, 1, 2, -1): domains=[1, 3, 2, 3, 4, 3, 2, 3, 1]  F_2 degree 3  F_p degree 3   (F_2 log: [(1, 22, 9), (2, 185, 127), (3, 796, 698)])
  L_eq=(-2, 1, 2, 1): domains=[1, 3, 2, 3, 4, 3, 2, 3, 1]  F_2 degree 3  F_p degree 3   (F_2 log: [(1, 22, 9), (2, 185, 127), (3, 796, 698)])
(F_2 degree, F_p degree) histogram: {(3, 3): 80}
